// Jest Snapshot v1, https://goo.gl/fbAQLP

exports[`Loader matches snapshot 1`] = `
<DocumentFragment>
  <button
    class="sc-bdnylx brcSWL"
    type="button"
  />
</DocumentFragment>
`;
