// Jest Snapshot v1, https://goo.gl/fbAQLP

exports[`Center matches snapshot 1`] = `
<DocumentFragment>
  <div
    class="sc-bdnylx blkxTr"
  >
    Center
  </div>
</DocumentFragment>
`;
