// Jest Snapshot v1, https://goo.gl/fbAQLP

exports[`InfoLabel matches snapshot 1`] = `
<DocumentFragment>
  <div
    class="sc-bdnylx cfRKE"
  />
</DocumentFragment>
`;
