// Jest Snapshot v1, https://goo.gl/fbAQLP

exports[`CountDisplay matches snapshot 1`] = `
<DocumentFragment>
  <p
    class="sc-bdnylx kKvyBw"
  >
    Found 1 movies.
  </p>
</DocumentFragment>
`;
