// Jest Snapshot v1, https://goo.gl/fbAQLP

exports[`InfoLabel matches snapshot 1`] = `
<DocumentFragment>
  <p>
    <span
      class="sc-bdnylx iXUFvQ"
    >
      Label
    </span>
    Text
  </p>
</DocumentFragment>
`;
