// Jest Snapshot v1, https://goo.gl/fbAQLP

exports[`Input matches snapshot 1`] = `
<DocumentFragment>
  <input
    class="sc-bdnylx cUPCfY"
    name="test"
  />
</DocumentFragment>
`;
